2026-01-31T08:41:35.122Z - Analysis Started for ID: 1 URL: https://energy1.ru/ru/catalog/category/probootbornyie-ustroystva/
2026-01-31T08:41:36.647Z - Step 1: Scrape Start
2026-01-31T08:41:51.937Z - Step 1: Scrape End. Found: 10
2026-01-31T08:41:51.938Z - Step 2: Save Start
2026-01-31T08:41:52.486Z - Step 2: Save End. Saved: 10
2026-01-31T08:41:58.286Z - Step 5: Feasibility End
2026-01-31T08:49:00.017Z - Analysis Started for ID: 1 URL: https://energy1.ru/ru/catalog/category/probootbornyie-ustroystva/
2026-01-31T08:49:01.386Z - Step 1: Scrape Start
2026-01-31T08:49:05.724Z - Step 1: Scrape End. Found: 10
2026-01-31T08:49:05.725Z - Step 2: Save Start
2026-01-31T08:49:06.099Z - Step 2: Save End. Saved: 10
2026-01-31T08:49:07.198Z - Step 5: Feasibility End
2026-01-31T08:55:08.558Z - Analysis Started for ID: 2 URL: https://energy1.ru/ru/catalog/category/probootbornyie-ustroystva/
2026-01-31T08:55:09.505Z - Step 1: Scrape Start
2026-01-31T08:55:17.550Z - Step 1: Scrape End. Found: 12
2026-01-31T08:55:17.551Z - Step 2: Save Start
2026-01-31T08:55:18.283Z - Step 2: Save End. Saved: 12
2026-01-31T08:55:25.434Z - Step 5: Feasibility End
2026-01-31T08:56:00.653Z - Analysis Started for ID: 2 URL: https://energy1.ru/ru/catalog/category/probootbornyie-ustroystva/
2026-01-31T08:56:01.017Z - Step 1: Scrape Start
2026-01-31T08:56:04.897Z - Step 1: Scrape End. Found: 12
2026-01-31T08:56:04.897Z - Step 2: Save Start
2026-01-31T08:56:05.062Z - Step 2: Save End. Saved: 12
2026-01-31T08:56:08.489Z - Step 5: Feasibility End
2026-01-31T08:59:45.589Z - Analysis Started for ID: 2 URL: https://energy1.ru/ru/catalog/category/probootbornyie-ustroystva/
2026-01-31T08:59:45.926Z - Step 1: Scrape Start
2026-01-31T08:59:51.147Z - Step 1: Scrape End. Found: 12
2026-01-31T08:59:51.148Z - Step 2: Save Start
2026-01-31T08:59:51.443Z - Step 2: Save End. Saved: 12
2026-01-31T09:00:00.511Z - Step 5: Feasibility End
2026-02-01T05:36:42.385Z - Analysis Started for ID: 2 URL: https://energy1.ru/ru/catalog/category/prob
2026-02-01T05:36:42.975Z - Step 1: Scrape Start
2026-02-01T05:36:53.807Z - Step 1: Scrape End. Found: 0
2026-02-01T05:51:55.822Z - Analysis Started for ID: 2 URL: https://energy1.ru/ru/catalog/category/probootbornyie-ustroystva/
2026-02-01T05:51:56.700Z - Step 1: Scrape Start
2026-02-01T05:52:01.222Z - Step 1: Scrape End. Found: 12
2026-02-01T05:52:01.224Z - Step 2: Save Start
2026-02-01T05:52:01.658Z - Step 2: Save End. Saved: 12
2026-02-01T05:52:03.225Z - Step 5: Feasibility End
2026-02-01T06:10:23.785Z - Analysis Started for ID: 2 URL: https://energy1.ru/ru/catalog/category/probootbornyie-ustroystva/
2026-02-01T06:10:24.272Z - Step 1: Scrape Start
2026-02-01T06:10:28.579Z - Step 1: Scrape End. Found: 12
2026-02-01T06:10:28.580Z - Step 2: Save Start
2026-02-01T06:10:28.895Z - Step 2: Save End. Saved: 12
2026-02-01T06:10:33.608Z - Step 5: Feasibility End
2026-02-01T06:11:19.904Z - Analysis Started for ID: 2 URL: https://energy1.ru/ru/catalog/category/probootbornyie-ustroystva/
2026-02-01T06:11:20.352Z - Step 1: Scrape Start
2026-02-01T06:11:24.194Z - Step 1: Scrape End. Found: 12
2026-02-01T06:11:24.194Z - Step 2: Save Start
2026-02-01T06:11:24.316Z - Step 2: Save End. Saved: 12
2026-02-01T06:11:29.424Z - Step 5: Feasibility End
2026-02-01T06:17:03.901Z - Analysis Started for ID: 2 URL: https://energy1.ru/ru/catalog/category/probootbornyie-ustroystva/
2026-02-01T06:17:04.231Z - Step 1: Scrape Start
2026-02-01T06:17:09.287Z - Step 1: Scrape End. Found: 12
2026-02-01T06:17:09.287Z - Step 2: Save Start
2026-02-01T06:17:09.512Z - Step 2: Save End. Saved: 12
2026-02-01T06:17:15.489Z - Step 5: Feasibility End
2026-02-01T06:22:56.819Z - Analysis Started for ID: 2 URL: https://energy1.ru/ru/catalog/category/probootbornyie-ustroystva/
2026-02-01T06:22:57.217Z - Step 1: Scrape Start
2026-02-01T06:23:00.990Z - Step 1: Scrape End. Found: 12
2026-02-01T06:23:00.990Z - Step 2: Save Start
2026-02-01T06:23:01.108Z - Step 2: Save End. Saved: 12
2026-02-01T06:23:03.141Z - Step 5: Feasibility End
2026-02-01T06:28:30.961Z - Analysis Started for ID: 2 URL: https://energy1.ru/ru/catalog/category/probootbornyie-ustroystva/?num=12&view=list&page=2
2026-02-01T06:28:31.291Z - Step 1: Scrape Start
2026-02-01T06:28:44.115Z - Step 1: Scrape End. Found: 12
2026-02-01T06:28:44.115Z - Step 2: Save Start
2026-02-01T06:28:44.414Z - Step 2: Save End. Saved: 12
2026-02-01T06:28:52.416Z - Step 5: Feasibility End
2026-02-01T10:04:03.354Z - Analysis Started for ID: 2 URL: https://energy1.ru/ru/catalog/category/probootbornyie-ustroystva/
2026-02-01T10:04:03.684Z - Step 1: Scrape Start
2026-02-01T10:04:16.254Z - Step 1: Scrape End. Found: 12
2026-02-01T10:04:16.256Z - Step 2: Save Start
2026-02-01T10:04:16.552Z - Step 2: Save End. Saved: 12
2026-02-01T10:04:20.488Z - Step 5: Feasibility End
